// Jest Snapshot v1, https://goo.gl/fbAQLP

exports[`App renders propely 1`] = `[Function]`;
