// Jest Snapshot v1, https://goo.gl/fbAQLP

exports[`Routes Component renders properly 1`] = `ShallowWrapper {}`;

exports[`Routes Component renders properly 2`] = `ShallowWrapper {}`;
